// Jest Snapshot v1, https://goo.gl/fbAQLP

exports[`test button component render correctly 1`] = `
<button
  className="btn btn-primary"
  onClick={[Function]}
  type="button"
>
  123
</button>
`;
